// Jest Snapshot v1, https://goo.gl/fbAQLP

exports[`renders Header component make snapshot of Header component matches the snapshot 1`] = `
<header>
  <div
    className="header-inner"
  >
    <section>
      <figure>
        <img
          alt="site logo"
          src="logo192.png"
        />
      </figure>
      <h1>
        <span>
          Reddit
        </span>
        Client
      </h1>
    </section>
  </div>
</header>
`;
