// Jest Snapshot v1, https://goo.gl/fbAQLP

exports[`renders Header component make snapshot of Header component matches the snapshot 1`] = `
<header
  className="relative z-30 w-screen mb-24"
>
  <div
    className="fixed top-0 w-full py-2 shadow-md bg-gray-50 opacity-95"
  >
    <section
      className="flex items-center justify-center"
    >
      <figure
        className="w-20"
      >
        <img
          alt="site logo"
          className="w-full h-auto"
          src="logo192.png"
        />
      </figure>
      <h1
        className="pl-5 text-6xl"
        style={
          Object {
            "fontFamily": "Stylish, sans-serif",
          }
        }
      >
        <span
          className="text-yellow-500"
        >
          Reddit
        </span>
        Client
      </h1>
    </section>
  </div>
</header>
`;
