// Jest Snapshot v1, https://goo.gl/fbAQLP

exports[`renders Modal component make a snapshot of Modal Component 1`] = `
<Provider
  store={
    Object {
      "dispatch": [Function],
      "getState": [Function],
      "replaceReducer": [Function],
      "subscribe": [Function],
      Symbol(observable): [Function],
    }
  }
>
  <Modal>
    <Portal
      containerInfo={
        <div
          id="portal"
        >
          <div
            class="Modal"
            style=""
          >
            <div
              class="Modal--Inner"
            >
              <header
                class="Modal--Header"
              >
                <span
                  class="Modal--Close"
                >
                  <svg
                    fill="currentColor"
                    height="1em"
                    stroke="currentColor"
                    stroke-width="0"
                    viewBox="0 0 512 512"
                    width="1em"
                    xmlns="http://www.w3.org/2000/svg"
                  >
                    <path
                      d="M331.3 308.7L278.6 256l52.7-52.7c6.2-6.2 6.2-16.4 0-22.6-6.2-6.2-16.4-6.2-22.6 0L256 233.4l-52.7-52.7c-6.2-6.2-15.6-7.1-22.6 0-7.1 7.1-6 16.6 0 22.6l52.7 52.7-52.7 52.7c-6.7 6.7-6.4 16.3 0 22.6 6.4 6.4 16.4 6.2 22.6 0l52.7-52.7 52.7 52.7c6.2 6.2 16.4 6.2 22.6 0 6.3-6.2 6.3-16.4 0-22.6z"
                    />
                    <path
                      d="M256 76c48.1 0 93.3 18.7 127.3 52.7S436 207.9 436 256s-18.7 93.3-52.7 127.3S304.1 436 256 436c-48.1 0-93.3-18.7-127.3-52.7S76 304.1 76 256s18.7-93.3 52.7-127.3S207.9 76 256 76m0-28C141.1 48 48 141.1 48 256s93.1 208 208 208 208-93.1 208-208S370.9 48 256 48z"
                    />
                  </svg>
                </span>
              </header>
              <div
                class="Modal--Content"
                data-testid="Modal--Content"
              >
                <div
                  class="Modal--Post"
                >
                  <p
                    class="Post--Info"
                  >
                    posted 
                    <span
                      class="time"
                    />
                     by 
                    <span
                      class="user"
                    />
                     to 
                    <span
                      class="subreddit"
                    />
                  </p>
                  <div
                    class="Post--Content--Wrapper"
                  >
                    <div
                      class="Post--Content"
                    >
                      <h3
                        class="Post--Title"
                        data-read-more="Click Title to Open"
                      />
                      <section>
                        <div
                          class="Post--Bottom"
                        >
                          <div
                            class="Post--Comments"
                          >
                            <svg
                              class="comment-icon icon"
                              fill="currentColor"
                              height="1em"
                              stroke="currentColor"
                              stroke-width="0"
                              viewBox="0 0 24 24"
                              width="1em"
                              xmlns="http://www.w3.org/2000/svg"
                            >
                              <path
                                d="M20,2H4C2.897,2,2,2.897,2,4v18l5.333-4H20c1.103,0,2-0.897,2-2V4C22,2.897,21.103,2,20,2z M20,16H6.667L4,18V4h16V16z"
                              />
                            </svg>
                            <span
                              class="comments value"
                            />
                            <span
                              class="label"
                            >
                              comments
                            </span>
                          </div>
                          <svg
                            class="dot-icon"
                            fill="currentColor"
                            height="1em"
                            stroke="currentColor"
                            stroke-width="0"
                            viewBox="0 0 16 16"
                            width="1em"
                            xmlns="http://www.w3.org/2000/svg"
                          >
                            <path
                              clip-rule="evenodd"
                              d="M8 9.5a1.5 1.5 0 100-3 1.5 1.5 0 000 3z"
                              fill-rule="evenodd"
                            />
                          </svg>
                          <div
                            class="Votes Post--Upvotes"
                          >
                            <svg
                              class="arrow-icon icon"
                              fill="currentColor"
                              height="1em"
                              stroke="currentColor"
                              stroke-width="0"
                              viewBox="0 0 10 16"
                              width="1em"
                              xmlns="http://www.w3.org/2000/svg"
                            >
                              <path
                                d="M5 3L0 9h3v4h4V9h3L5 3z"
                                fill-rule="evenodd"
                              />
                            </svg>
                            <span
                              class="upvotes value"
                            />
                            <span
                              class="label"
                            >
                              upvotes
                            </span>
                          </div>
                          <svg
                            class="dot-icon"
                            fill="currentColor"
                            height="1em"
                            stroke="currentColor"
                            stroke-width="0"
                            viewBox="0 0 16 16"
                            width="1em"
                            xmlns="http://www.w3.org/2000/svg"
                          >
                            <path
                              clip-rule="evenodd"
                              d="M8 9.5a1.5 1.5 0 100-3 1.5 1.5 0 000 3z"
                              fill-rule="evenodd"
                            />
                          </svg>
                          <div
                            class="Votes Post--Downvotes"
                          >
                            <svg
                              class="arrow-icon icon"
                              fill="currentColor"
                              height="1em"
                              stroke="currentColor"
                              stroke-width="0"
                              viewBox="0 0 10 16"
                              width="1em"
                              xmlns="http://www.w3.org/2000/svg"
                            >
                              <path
                                d="M7 7V3H3v4H0l5 6 5-6H7z"
                                fill-rule="evenodd"
                              />
                            </svg>
                            <span
                              class="downvotes value"
                            />
                            <span
                              class="label"
                            >
                              downvotes
                            </span>
                          </div>
                        </div>
                      </section>
                    </div>
                  </div>
                </div>
                <div
                  class="Modal--Comments"
                >
                  <p
                    class="no--comments"
                  >
                    No comments yet
                  </p>
                </div>
              </div>
            </div>
          </div>
        </div>
      }
    >
      <div
        className="Modal"
      >
        <div
          className="Modal--Inner"
        >
          <header
            className="Modal--Header"
          >
            <span
              className="Modal--Close"
              onClick={[Function]}
            >
              <IoIosCloseCircleOutline>
                <IconBase
                  attr={
                    Object {
                      "viewBox": "0 0 512 512",
                    }
                  }
                >
                  <svg
                    fill="currentColor"
                    height="1em"
                    stroke="currentColor"
                    strokeWidth="0"
                    style={
                      Object {
                        "color": undefined,
                      }
                    }
                    viewBox="0 0 512 512"
                    width="1em"
                    xmlns="http://www.w3.org/2000/svg"
                  >
                    <path
                      d="M331.3 308.7L278.6 256l52.7-52.7c6.2-6.2 6.2-16.4 0-22.6-6.2-6.2-16.4-6.2-22.6 0L256 233.4l-52.7-52.7c-6.2-6.2-15.6-7.1-22.6 0-7.1 7.1-6 16.6 0 22.6l52.7 52.7-52.7 52.7c-6.7 6.7-6.4 16.3 0 22.6 6.4 6.4 16.4 6.2 22.6 0l52.7-52.7 52.7 52.7c6.2 6.2 16.4 6.2 22.6 0 6.3-6.2 6.3-16.4 0-22.6z"
                      key="0"
                    />
                    <path
                      d="M256 76c48.1 0 93.3 18.7 127.3 52.7S436 207.9 436 256s-18.7 93.3-52.7 127.3S304.1 436 256 436c-48.1 0-93.3-18.7-127.3-52.7S76 304.1 76 256s18.7-93.3 52.7-127.3S207.9 76 256 76m0-28C141.1 48 48 141.1 48 256s93.1 208 208 208 208-93.1 208-208S370.9 48 256 48z"
                      key="1"
                    />
                  </svg>
                </IconBase>
              </IoIosCloseCircleOutline>
            </span>
          </header>
          <div
            className="Modal--Content"
            data-testid="Modal--Content"
          >
            <ModalPost
              post={Object {}}
            >
              <div
                className="Modal--Post"
              >
                <p
                  className="Post--Info"
                >
                  posted 
                  <span
                    className="time"
                  />
                   by 
                  <span
                    className="user"
                  />
                   to 
                  <span
                    className="subreddit"
                  />
                </p>
                <div
                  className="Post--Content--Wrapper"
                >
                  <PostContent
                    post={Object {}}
                  >
                    <div
                      className="Post--Content"
                    >
                      <h3
                        className="Post--Title"
                        data-read-more="Click Title to Open"
                      />
                      <section>
                        <div
                          className="Post--Bottom"
                        >
                          <div
                            className="Post--Comments"
                          >
                            <BiComment
                              className="comment-icon icon"
                            >
                              <IconBase
                                attr={
                                  Object {
                                    "viewBox": "0 0 24 24",
                                  }
                                }
                                className="comment-icon icon"
                              >
                                <svg
                                  className="comment-icon icon"
                                  fill="currentColor"
                                  height="1em"
                                  stroke="currentColor"
                                  strokeWidth="0"
                                  style={
                                    Object {
                                      "color": undefined,
                                    }
                                  }
                                  viewBox="0 0 24 24"
                                  width="1em"
                                  xmlns="http://www.w3.org/2000/svg"
                                >
                                  <path
                                    d="M20,2H4C2.897,2,2,2.897,2,4v18l5.333-4H20c1.103,0,2-0.897,2-2V4C22,2.897,21.103,2,20,2z M20,16H6.667L4,18V4h16V16z"
                                    key="0"
                                  />
                                </svg>
                              </IconBase>
                            </BiComment>
                            <span
                              className="comments value"
                            />
                            <span
                              className="label"
                            >
                              comments
                            </span>
                          </div>
                          <BsDot
                            className="dot-icon"
                          >
                            <IconBase
                              attr={
                                Object {
                                  "fill": "currentColor",
                                  "viewBox": "0 0 16 16",
                                }
                              }
                              className="dot-icon"
                            >
                              <svg
                                className="dot-icon"
                                fill="currentColor"
                                height="1em"
                                stroke="currentColor"
                                strokeWidth="0"
                                style={
                                  Object {
                                    "color": undefined,
                                  }
                                }
                                viewBox="0 0 16 16"
                                width="1em"
                                xmlns="http://www.w3.org/2000/svg"
                              >
                                <path
                                  clipRule="evenodd"
                                  d="M8 9.5a1.5 1.5 0 100-3 1.5 1.5 0 000 3z"
                                  fillRule="evenodd"
                                  key="0"
                                />
                              </svg>
                            </IconBase>
                          </BsDot>
                          <div
                            className="Votes Post--Upvotes"
                          >
                            <GoArrowUp
                              className="arrow-icon icon"
                            >
                              <IconBase
                                attr={
                                  Object {
                                    "viewBox": "0 0 10 16",
                                  }
                                }
                                className="arrow-icon icon"
                              >
                                <svg
                                  className="arrow-icon icon"
                                  fill="currentColor"
                                  height="1em"
                                  stroke="currentColor"
                                  strokeWidth="0"
                                  style={
                                    Object {
                                      "color": undefined,
                                    }
                                  }
                                  viewBox="0 0 10 16"
                                  width="1em"
                                  xmlns="http://www.w3.org/2000/svg"
                                >
                                  <path
                                    d="M5 3L0 9h3v4h4V9h3L5 3z"
                                    fillRule="evenodd"
                                    key="0"
                                  />
                                </svg>
                              </IconBase>
                            </GoArrowUp>
                            <span
                              className="upvotes value"
                            />
                            <span
                              className="label"
                            >
                              upvotes
                            </span>
                          </div>
                          <BsDot
                            className="dot-icon"
                          >
                            <IconBase
                              attr={
                                Object {
                                  "fill": "currentColor",
                                  "viewBox": "0 0 16 16",
                                }
                              }
                              className="dot-icon"
                            >
                              <svg
                                className="dot-icon"
                                fill="currentColor"
                                height="1em"
                                stroke="currentColor"
                                strokeWidth="0"
                                style={
                                  Object {
                                    "color": undefined,
                                  }
                                }
                                viewBox="0 0 16 16"
                                width="1em"
                                xmlns="http://www.w3.org/2000/svg"
                              >
                                <path
                                  clipRule="evenodd"
                                  d="M8 9.5a1.5 1.5 0 100-3 1.5 1.5 0 000 3z"
                                  fillRule="evenodd"
                                  key="0"
                                />
                              </svg>
                            </IconBase>
                          </BsDot>
                          <div
                            className="Votes Post--Downvotes"
                          >
                            <GoArrowDown
                              className="arrow-icon icon"
                            >
                              <IconBase
                                attr={
                                  Object {
                                    "viewBox": "0 0 10 16",
                                  }
                                }
                                className="arrow-icon icon"
                              >
                                <svg
                                  className="arrow-icon icon"
                                  fill="currentColor"
                                  height="1em"
                                  stroke="currentColor"
                                  strokeWidth="0"
                                  style={
                                    Object {
                                      "color": undefined,
                                    }
                                  }
                                  viewBox="0 0 10 16"
                                  width="1em"
                                  xmlns="http://www.w3.org/2000/svg"
                                >
                                  <path
                                    d="M7 7V3H3v4H0l5 6 5-6H7z"
                                    fillRule="evenodd"
                                    key="0"
                                  />
                                </svg>
                              </IconBase>
                            </GoArrowDown>
                            <span
                              className="downvotes value"
                            />
                            <span
                              className="label"
                            >
                              downvotes
                            </span>
                          </div>
                        </div>
                      </section>
                    </div>
                  </PostContent>
                </div>
              </div>
            </ModalPost>
            <ModalComments
              comments={Array []}
            >
              <div
                className="Modal--Comments"
              >
                <p
                  className="no--comments"
                >
                  No comments yet
                </p>
              </div>
            </ModalComments>
          </div>
        </div>
      </div>
    </Portal>
  </Modal>
</Provider>
`;
