// Jest Snapshot v1, https://goo.gl/fbAQLP

exports[`renders Post component make snapshot of Post component 1`] = `
<Provider
  store={
    Object {
      "dispatch": [Function],
      "getState": [Function],
      "replaceReducer": [Function],
      "subscribe": [Function],
      Symbol(observable): [Function],
    }
  }
>
  <Post
    post={
      Object {
        "comments": 10,
        "downvotes": 0,
        "permalink": "/r/wallstreetbets/comments/mi3t1v/weekend_discussion_thread_for_the_weekend_of/",
        "postAltIframe": "",
        "postAltVideo": "",
        "postBody": "&lt;!-- SC_OFF --&gt;&lt;div class=\\"md\\"&gt;&lt;p&gt;Your weekend discussion thread. Please keep the shitposting to a maximum!&lt;/p&gt;

&lt;p&gt;Follow &lt;a href=\\"https://twitter.com/Official_WSB\\"&gt;@Official_WSB&lt;/a&gt; on Twitter, all other accounts are impersonators.&lt;/p&gt;
&lt;/div&gt;&lt;!-- SC_ON --&gt;",
        "postIframe": "",
        "postImage": "https://b.thumbs.redditmedia.com/5ECi_D2EZxcveWeDzFK8bdMu2pXXeu_oO-cxk0AEtYs.jpg",
        "postThumbnail": "",
        "postTitle": "Weekend Discussion Thread for the Weekend of April 01, 2021",
        "postVideo": "",
        "subreddit": "r/wallstreetbets",
        "time": 1617307633,
        "upvotes": 10,
        "user": "OPINION_IS_UNPOPULAR",
      }
    }
  >
    <div
      className="Post"
      data-permalink="/r/wallstreetbets/comments/mi3t1v/weekend_discussion_thread_for_the_weekend_of/"
    >
      <div
        className="Post--Container"
      >
        <p
          className="Post--Info"
        >
          posted 
          <span
            className="time"
          >
            1617307633
          </span>
           by 
          <span
            className="user"
          >
            OPINION_IS_UNPOPULAR
          </span>
           to 
          <span
            className="subreddit"
            data-subreddit="r/wallstreetbets"
            onClick={[Function]}
          >
            r/wallstreetbets
          </span>
        </p>
        <div
          className="Post--Content--Wrapper"
        >
          <PostContent
            post={
              Object {
                "comments": 10,
                "downvotes": 0,
                "permalink": "/r/wallstreetbets/comments/mi3t1v/weekend_discussion_thread_for_the_weekend_of/",
                "postAltIframe": "",
                "postAltVideo": "",
                "postBody": "&lt;!-- SC_OFF --&gt;&lt;div class=\\"md\\"&gt;&lt;p&gt;Your weekend discussion thread. Please keep the shitposting to a maximum!&lt;/p&gt;

&lt;p&gt;Follow &lt;a href=\\"https://twitter.com/Official_WSB\\"&gt;@Official_WSB&lt;/a&gt; on Twitter, all other accounts are impersonators.&lt;/p&gt;
&lt;/div&gt;&lt;!-- SC_ON --&gt;",
                "postIframe": "",
                "postImage": "https://b.thumbs.redditmedia.com/5ECi_D2EZxcveWeDzFK8bdMu2pXXeu_oO-cxk0AEtYs.jpg",
                "postThumbnail": "",
                "postTitle": "Weekend Discussion Thread for the Weekend of April 01, 2021",
                "postVideo": "",
                "subreddit": "r/wallstreetbets",
                "time": 1617307633,
                "upvotes": 10,
                "user": "OPINION_IS_UNPOPULAR",
              }
            }
          >
            <div
              className="Post--Content"
            >
              <h3
                className="Post--Title"
                data-read-more="Click Title to Open"
              >
                Weekend Discussion Thread for the Weekend of April 01, 2021
              </h3>
              <figure
                className="Post--Figure"
              >
                <img
                  alt="Weekend Discussion Thread for the Weekend of April 01, 2021"
                  className="Post--Image"
                  loading="lazy"
                  src="https://b.thumbs.redditmedia.com/5ECi_D2EZxcveWeDzFK8bdMu2pXXeu_oO-cxk0AEtYs.jpg"
                />
              </figure>
              <section>
                <div
                  className="Post--Body"
                >
                  <div
                    className="md"
                    key="1"
                  >
                    <p
                      key="0"
                    >
                      Your weekend discussion thread. Please keep the shitposting to a maximum!
                    </p>
                    


                    <p
                      key="2"
                    >
                      Follow 
                      <a
                        href="https://twitter.com/Official_WSB"
                        key="1"
                      >
                        @Official_WSB
                      </a>
                       on Twitter, all other accounts are impersonators.
                    </p>
                    

                  </div>
                </div>
                <div
                  className="Post--Bottom"
                >
                  <div
                    className="Post--Comments"
                  >
                    <BiComment
                      className="comment-icon icon"
                    >
                      <IconBase
                        attr={
                          Object {
                            "viewBox": "0 0 24 24",
                          }
                        }
                        className="comment-icon icon"
                      >
                        <svg
                          className="comment-icon icon"
                          fill="currentColor"
                          height="1em"
                          stroke="currentColor"
                          strokeWidth="0"
                          style={
                            Object {
                              "color": undefined,
                            }
                          }
                          viewBox="0 0 24 24"
                          width="1em"
                          xmlns="http://www.w3.org/2000/svg"
                        >
                          <path
                            d="M20,2H4C2.897,2,2,2.897,2,4v18l5.333-4H20c1.103,0,2-0.897,2-2V4C22,2.897,21.103,2,20,2z M20,16H6.667L4,18V4h16V16z"
                            key="0"
                          />
                        </svg>
                      </IconBase>
                    </BiComment>
                    <span
                      className="comments value"
                    >
                      10
                    </span>
                    <span
                      className="label"
                    >
                      comments
                    </span>
                  </div>
                  <BsDot
                    className="dot-icon"
                  >
                    <IconBase
                      attr={
                        Object {
                          "fill": "currentColor",
                          "viewBox": "0 0 16 16",
                        }
                      }
                      className="dot-icon"
                    >
                      <svg
                        className="dot-icon"
                        fill="currentColor"
                        height="1em"
                        stroke="currentColor"
                        strokeWidth="0"
                        style={
                          Object {
                            "color": undefined,
                          }
                        }
                        viewBox="0 0 16 16"
                        width="1em"
                        xmlns="http://www.w3.org/2000/svg"
                      >
                        <path
                          clipRule="evenodd"
                          d="M8 9.5a1.5 1.5 0 100-3 1.5 1.5 0 000 3z"
                          fillRule="evenodd"
                          key="0"
                        />
                      </svg>
                    </IconBase>
                  </BsDot>
                  <div
                    className="Votes Post--Upvotes"
                  >
                    <GoArrowUp
                      className="arrow-icon icon"
                    >
                      <IconBase
                        attr={
                          Object {
                            "viewBox": "0 0 10 16",
                          }
                        }
                        className="arrow-icon icon"
                      >
                        <svg
                          className="arrow-icon icon"
                          fill="currentColor"
                          height="1em"
                          stroke="currentColor"
                          strokeWidth="0"
                          style={
                            Object {
                              "color": undefined,
                            }
                          }
                          viewBox="0 0 10 16"
                          width="1em"
                          xmlns="http://www.w3.org/2000/svg"
                        >
                          <path
                            d="M5 3L0 9h3v4h4V9h3L5 3z"
                            fillRule="evenodd"
                            key="0"
                          />
                        </svg>
                      </IconBase>
                    </GoArrowUp>
                    <span
                      className="upvotes value"
                    >
                      10
                    </span>
                    <span
                      className="label"
                    >
                      upvotes
                    </span>
                  </div>
                  <BsDot
                    className="dot-icon"
                  >
                    <IconBase
                      attr={
                        Object {
                          "fill": "currentColor",
                          "viewBox": "0 0 16 16",
                        }
                      }
                      className="dot-icon"
                    >
                      <svg
                        className="dot-icon"
                        fill="currentColor"
                        height="1em"
                        stroke="currentColor"
                        strokeWidth="0"
                        style={
                          Object {
                            "color": undefined,
                          }
                        }
                        viewBox="0 0 16 16"
                        width="1em"
                        xmlns="http://www.w3.org/2000/svg"
                      >
                        <path
                          clipRule="evenodd"
                          d="M8 9.5a1.5 1.5 0 100-3 1.5 1.5 0 000 3z"
                          fillRule="evenodd"
                          key="0"
                        />
                      </svg>
                    </IconBase>
                  </BsDot>
                  <div
                    className="Votes Post--Downvotes"
                  >
                    <GoArrowDown
                      className="arrow-icon icon"
                    >
                      <IconBase
                        attr={
                          Object {
                            "viewBox": "0 0 10 16",
                          }
                        }
                        className="arrow-icon icon"
                      >
                        <svg
                          className="arrow-icon icon"
                          fill="currentColor"
                          height="1em"
                          stroke="currentColor"
                          strokeWidth="0"
                          style={
                            Object {
                              "color": undefined,
                            }
                          }
                          viewBox="0 0 10 16"
                          width="1em"
                          xmlns="http://www.w3.org/2000/svg"
                        >
                          <path
                            d="M7 7V3H3v4H0l5 6 5-6H7z"
                            fillRule="evenodd"
                            key="0"
                          />
                        </svg>
                      </IconBase>
                    </GoArrowDown>
                    <span
                      className="downvotes value"
                    >
                      0
                    </span>
                    <span
                      className="label"
                    >
                      downvotes
                    </span>
                  </div>
                </div>
              </section>
            </div>
          </PostContent>
        </div>
      </div>
    </div>
  </Post>
</Provider>
`;
